// Vitest Snapshot v1, https://vitest.dev/guide/snapshot.html

exports[`components/DocPage > should render an article by url 1`] = `
<article
  class="_article_4ca611"
>
  <ol
    class="_breadcrumbs_296507"
  >
    <li
      class="_item_296507"
    >
      <a
        class="_link_296507"
        data-discover="true"
        href="/bar.html"
      >
        Bar
      </a>
    </li>
  </ol>
  <h1
    class="_title_4ca611"
  >
    Bar
  </h1>
</article>
`;
